// Jest Snapshot v1, https://goo.gl/fbAQLP

exports[`createCSVData works correctly 1`] = `
"greeting,foo,bar,a,b,c,d,e,f
\\"hello\\",\\"\\",\\"\\",\\"\\",\\"\\",\\"\\",\\"\\",\\"\\",\\"\\"
\\"\\",\\"foo\\",\\"bar\\",\\"\\",\\"\\",\\"\\",\\"\\",\\"\\",\\"\\"
\\"\\",\\"\\",\\"\\",\\"100\\",\\"[1,2,3]\\",\\"{\\"\\"x\\"\\":200,\\"\\"y\\"\\":300}\\",\\"D\\",\\"null\\",\\"\\""
`;
